2026-11-14T19:32:04.118 INFO  c.c.api.service.OrderService : Order 2214 placed by student 87 — token 511
2026-11-14T19:32:09.402 INFO  c.c.api.service.OrderService : Order 2215 placed by student 12 — token 512
2026-11-14T19:32:12.876 INFO  c.c.api.service.OrderService : Order 2216 placed by student 203 — token 513
2026-11-14T19:32:19.033 INFO  c.c.api.service.OrderService : Order 2217 placed by student 44 — token 514
2026-11-14T19:33:41.220 INFO  c.c.api.service.OrderService : Order 2226 cancelled, Rs.60 refunded
2026-11-14T19:34:02.660 INFO  c.c.api.service.OrderService : Order 2227 placed by student 155 — token 524
2026-11-14T19:40:12.551 INFO  c.c.api.service.AdminService : Stock for Paneer Roll set from 3 to 40
2026-11-14T19:40:31.007 INFO  c.c.api.service.OrderService : Order 2261 placed by student 71 — token 558
2026-11-14T19:40:44.913 INFO  c.c.api.service.OrderService : Order 2262 cancelled, Rs.45 refunded
2026-11-14T19:41:02.348 INFO  c.c.api.service.OrderService : Order 2263 placed by student 19 — token 559
2026-11-14T19:41:15.777 WARN  c.c.api.error.ApiExceptionHandler : 409 CONFLICT — Masala Dosa just sold out
2026-11-14T19:41:16.021 WARN  c.c.api.error.ApiExceptionHandler : 409 CONFLICT — Masala Dosa just sold out
2026-11-14T19:41:38.590 INFO  c.c.api.service.OrderService : Order 2264 cancelled, Rs.50 refunded
2026-11-14T19:42:20.114 INFO  c.c.api.service.OrderService : Order 2265 cancelled, Rs.90 refunded
2026-11-14T19:43:07.882 WARN  c.c.api.error.ApiExceptionHandler : 409 CONFLICT — Veg Thali just sold out
2026-11-14T19:44:11.239 INFO  c.c.api.service.OrderService : Order 2266 cancelled, Rs.70 refunded
2026-11-14T19:44:59.410 WARN  c.c.api.error.ApiExceptionHandler : 409 CONFLICT — Chai + Samosa just sold out
2026-11-14T19:45:23.001 INFO  c.c.api.service.AdminService : Stock for Masala Dosa set from 0 to 25
2026-11-14T19:46:40.756 WARN  c.c.api.error.ApiExceptionHandler : 409 CONFLICT — Paneer Roll just sold out
2026-11-14T19:47:55.128 INFO  c.c.api.service.OrderService : Order 2267 cancelled, Rs.25 refunded
2026-11-14T19:49:31.664 WARN  c.c.api.error.ApiExceptionHandler : 409 CONFLICT — Vada Pav (2 pc) just sold out
2026-11-14T19:51:02.933 ERROR c.c.api.error.ApiExceptionHandler : Unhandled failure serving request
java.lang.NullPointerException: Cannot invoke "com.campuscrave.api.entity.Dish.getStock()" because "dish" is null
	at com.campuscrave.api.service.OrderService.createOrder(OrderService.java:102)
